// Jest Snapshot v1, https://goo.gl/fbAQLP

exports[`Footer 1`] = `
NodeList [
  <div
    class="my-4 text-md text-center"
  >
    <div>
      footer.author.prefix
      <a
        class="underline"
        href="https://github.com/sebranly/portfolio"
        rel="noopener noreferrer"
        target="_blank"
        title="GitHub page for repository"
      >
        sebranly
      </a>
      footer.author.suffix
    </div>
    <div>
      footer.website
      <a
        class="underline"
        href="https://github.com/sebranly/portfolio/releases"
        rel="noopener noreferrer"
        target="_blank"
        title="Website changelog"
      >
        1.0.0
      </a>
    </div>
  </div>,
]
`;
