// Jest Snapshot v1, https://goo.gl/fbAQLP

exports[`Project 1`] = `
NodeList [
  <div
    class="flex flex-col bg-white px-4 py-4 border-2 mx-4 lg:w-2/5 w-full my-2 rounded-lg border-solid border-gray-50"
  >
    <h2
      class="font-bold text-xl"
    >
      Some project
    </h2>
    <h3
      class="text-lg"
    >
      Some subtitle
    </h3>
    <img
      alt="some alt"
      class="my-2 lg:w-1/2 md:w-3/5 sm:w-2/3 w-full m-auto"
      src="https://raw.githubusercontent.com/sebranly/portfolio/main/public/img/projects_wrong/ConnectFour/img1.png"
    />
    <code
      class="text-black text-sm"
    >
      <pre>
        +---+---+---+---+
      </pre>
      <pre>
        | #   # |       |
      </pre>
      <pre>
        +---+   +   +---+
      </pre>
      <pre>
        |     # |   |   |
      </pre>
      <pre>
        +   +   +   +   +
      </pre>
      <pre>
        |   | #   #   # |
      </pre>
      <pre>
        +---+---+---+---+
      </pre>
    </code>
    <div
      class="border-solid border-black border-2 bg-gray-200 p-2 my-2 text-justify"
    >
      <div
        class="mb-2"
      >
        Some description
      </div>
      <div
        class="mb-2"
      >
        And another sentence
      </div>
    </div>
    <div
      class="inline"
    >
      <div
        class="font-bold inline"
      >
        projects.general.contributor.male
        projects.general.colon
         
      </div>
      <div
        class="inline"
      >
        projects.people.anonymousPerson (projects.general.roles.Developer)
      </div>
    </div>
    <div
      class="inline"
    >
      <div
        class="font-bold inline"
      >
        projects.general.code
        projects.general.colon
         
      </div>
      <a
        class="underline inline"
        href="some github link"
        rel="noopener noreferrer"
        target="_blank"
        title="projects.general.altText.code Some project"
      >
        projects.general.github
      </a>
    </div>
    <div
      class="inline"
    >
      <div
        class="font-bold inline"
      >
        projects.general.website
        projects.general.colon
         
      </div>
      <a
        class="underline inline"
        href="some website link"
        rel="noopener noreferrer"
        target="_blank"
        title="projects.general.altText.website Some project"
      >
        projects.general.link
      </a>
    </div>
    <div
      class="inline"
    >
      <div
        class="font-bold inline"
      >
        projects.general.video
        projects.general.colon
         
      </div>
      <a
        class="underline inline"
        href="some video link"
        rel="noopener noreferrer"
        target="_blank"
        title="projects.general.altText.video Some project"
      >
        projects.general.demo
      </a>
    </div>
    <div
      class="inline"
    >
      <div
        class="font-bold inline"
      >
        projects.general.download
        projects.general.colon
         
      </div>
      <a
        class="underline inline"
        href="some download link"
        rel="noopener noreferrer"
        target="_blank"
        title="projects.general.altText.download Some project"
      >
        projects.general.executable
      </a>
    </div>
    <div
      class="grow h-4"
    />
    <div>
      <div
        class="border-2 border-black border-solid cursor-pointer inline-block rounded mr-2 my-1 px-4 py-1 text-white bg-red-600 hover:bg-red-700"
      >
        2013
      </div>
      <div
        class="border-2 border-black border-solid cursor-pointer inline-block rounded mr-2 my-1 px-4 py-1 text-black bg-white hover:bg-gray-300"
      >
        GitHub
      </div>
      <div
        class="border-2 border-black border-solid cursor-pointer inline-block rounded mr-2 my-1 px-4 py-1 text-white bg-yellow-600 hover:bg-yellow-700"
      >
        JavaScript
      </div>
      <div
        class="border-2 border-black border-solid cursor-pointer inline-block rounded mr-2 my-1 px-4 py-1 text-white bg-gray-600 hover:bg-gray-700"
      >
        projects.general.tags.archived
      </div>
      <div
        class="border-2 border-black border-solid cursor-pointer inline-block rounded mr-2 my-1 px-4 py-1 text-white bg-purple-600 hover:bg-purple-700"
      >
        projects.general.tags.website
      </div>
    </div>
  </div>,
]
`;
