// Jest Snapshot v1, https://goo.gl/fbAQLP

exports[`renders text 1`] = `
NodeList [
  <header
    class="mx-4 mt-8 mb-4 text-center"
  >
    <div
      class="mb-4"
    >
      <button
        class="rounded mr-2"
        style="font-weight: normal; text-decoration-line: none;"
        type="submit"
      >
        English
      </button>
      <button
        class="rounded mr-2"
        style="font-weight: normal; text-decoration-line: none;"
        type="submit"
      >
        Français
      </button>
    </div>
    <div
      class="mb-8"
    >
      <h1
        class="font-bold md:text-6xl text-2xl"
      >
        header.welcome
      </h1>
      <h2
        class="md:text-4xl text-2xl"
      >
        header.author.prefix
        <div
          class="italic inline"
        >
          sebranly
        </div>
        header.author.suffix
      </h2>
      <div
        class="md:text-2xl text-xl"
      >
        header.introduction
      </div>
    </div>
  </header>,
  <div
    class="mt-4 flex w-full"
  >
    <button
      class="bg-black text-white rounded-tr-lg p-2 w-1/4"
      style="font-weight: bold;"
      type="submit"
    >
      selector.All
    </button>
    <button
      class="p-2 w-1/4"
      style="font-weight: normal;"
      type="submit"
    >
      selector.CLI
    </button>
    <button
      class="p-2 w-1/4"
      style="font-weight: normal;"
      type="submit"
    >
      selector.GUI
    </button>
    <button
      class="p-2 w-1/4"
      style="font-weight: normal;"
      type="submit"
    >
      selector.website
    </button>
  </div>,
  <div
    class="py-4 flex flex-wrap justify-center bg-black"
  >
    <div
      class="flex flex-col bg-white px-4 py-4 border-2 mx-4 lg:w-2/5 w-full my-2 rounded-lg border-solid border-gray-50"
    >
      <h2
        class="font-bold text-xl"
      >
        projects.ctr2d.title
      </h2>
      <h3
        class="text-lg"
      >
        projects.ctr2d.subtitle
      </h3>
      <div
        class="border-solid border-black border-2 bg-gray-200 p-2 my-2 text-justify"
      >
        <div
          class="mb-2"
        >
          projects.ctr2d.desc1
        </div>
        <div
          class="mb-2"
        >
          projects.ctr2d.desc2
        </div>
        <div
          class="mb-2"
        >
          projects.ctr2d.desc3
        </div>
      </div>
      <div
        class="grow h-4"
      />
      <div>
        <div
          class="border-2 border-black border-solid cursor-pointer inline-block rounded mr-2 my-1 px-4 py-1 text-white bg-black hover:bg-gray-700"
        >
          2011
        </div>
        <div
          class="border-2 border-black border-solid cursor-pointer inline-block rounded mr-2 my-1 px-4 py-1 text-white bg-gray-600 hover:bg-gray-700"
        >
          projects.general.tags.archived
        </div>
        <div
          class="border-2 border-black border-solid cursor-pointer inline-block rounded mr-2 my-1 px-4 py-1 text-white bg-yellow-600 hover:bg-yellow-700"
        >
          C
        </div>
        <div
          class="border-2 border-black border-solid cursor-pointer inline-block rounded mr-2 my-1 px-4 py-1 text-white bg-green-600 hover:bg-green-700"
        >
          GUI
        </div>
        <div
          class="border-2 border-black border-solid cursor-pointer inline-block rounded mr-2 my-1 px-4 py-1 text-white bg-blue-600 hover:bg-blue-700"
        >
          SDL
        </div>
        <div
          class="border-2 border-black border-solid cursor-pointer inline-block rounded mr-2 my-1 px-4 py-1 text-white bg-amber-600 hover:bg-amber-700"
        >
          projects.general.tags.video game
        </div>
        <div
          class="border-2 border-black border-solid cursor-pointer inline-block rounded mr-2 my-1 px-4 py-1 text-white bg-blue-600 hover:bg-blue-700"
        >
          Windows
        </div>
      </div>
    </div>
    <div
      class="flex flex-col bg-white px-4 py-4 border-2 mx-4 lg:w-2/5 w-full my-2 rounded-lg border-solid border-gray-50"
    >
      <h2
        class="font-bold text-xl"
      >
        projects.tetrisSpace.title
      </h2>
      <h3
        class="text-lg"
      >
        projects.tetrisSpace.subtitle
      </h3>
      <div
        class="border-solid border-black border-2 bg-gray-200 p-2 my-2 text-justify"
      >
        <div
          class="mb-2"
        >
          projects.tetrisSpace.desc1
        </div>
        <div
          class="mb-2"
        >
          projects.tetrisSpace.desc2
        </div>
        <div
          class="mb-2"
        >
          projects.tetrisSpace.desc3
        </div>
      </div>
      <div
        class="inline"
      >
        <div
          class="font-bold inline"
        >
          projects.general.contributor.male
          projects.general.colon
           
        </div>
        <div
          class="inline"
        >
          Stéphane (projects.general.roles.Designer, projects.general.roles.Tester)
        </div>
      </div>
      <div
        class="grow h-4"
      />
      <div>
        <div
          class="border-2 border-black border-solid cursor-pointer inline-block rounded mr-2 my-1 px-4 py-1 text-white bg-black hover:bg-gray-700"
        >
          2011
        </div>
        <div
          class="border-2 border-black border-solid cursor-pointer inline-block rounded mr-2 my-1 px-4 py-1 text-white bg-gray-600 hover:bg-gray-700"
        >
          projects.general.tags.archived
        </div>
        <div
          class="border-2 border-black border-solid cursor-pointer inline-block rounded mr-2 my-1 px-4 py-1 text-white bg-yellow-600 hover:bg-yellow-700"
        >
          C
        </div>
        <div
          class="border-2 border-black border-solid cursor-pointer inline-block rounded mr-2 my-1 px-4 py-1 text-white bg-green-600 hover:bg-green-700"
        >
          GUI
        </div>
        <div
          class="border-2 border-black border-solid cursor-pointer inline-block rounded mr-2 my-1 px-4 py-1 text-white bg-red-600 hover:bg-red-700"
        >
          Nintendo DS
        </div>
        <div
          class="border-2 border-black border-solid cursor-pointer inline-block rounded mr-2 my-1 px-4 py-1 text-white bg-orange-600 hover:bg-orange-700"
        >
          PAlib
        </div>
        <div
          class="border-2 border-black border-solid cursor-pointer inline-block rounded mr-2 my-1 px-4 py-1 text-white bg-amber-600 hover:bg-amber-700"
        >
          projects.general.tags.video game
        </div>
      </div>
    </div>
    <div
      class="flex flex-col bg-white px-4 py-4 border-2 mx-4 lg:w-2/5 w-full my-2 rounded-lg border-solid border-gray-50"
    >
      <h2
        class="font-bold text-xl"
      >
        projects.eightQueensPuzzle.title
      </h2>
      <h3
        class="text-lg"
      >
        projects.eightQueensPuzzle.subtitle
      </h3>
      <code
        class="text-black text-sm"
      >
        <pre>
          +---+---+---+---+
        </pre>
        <pre>
          | . | Q | . | . |
        </pre>
        <pre>
          +---+---+---+---+
        </pre>
        <pre>
          | . | . | . | Q |
        </pre>
        <pre>
          +---+---+---+---+
        </pre>
        <pre>
          | Q | . | . | . |
        </pre>
        <pre>
          +---+---+---+---+
        </pre>
        <pre>
          | . | . | Q | . |
        </pre>
        <pre>
          +---+---+---+---+
        </pre>
      </code>
      <div
        class="border-solid border-black border-2 bg-gray-200 p-2 my-2 text-justify"
      >
        <div
          class="mb-2"
        >
          projects.eightQueensPuzzle.desc1
        </div>
        <div
          class="mb-2"
        >
          projects.eightQueensPuzzle.desc2
        </div>
        <div
          class="mb-2"
        >
          projects.eightQueensPuzzle.desc3
        </div>
      </div>
      <div
        class="inline"
      >
        <div
          class="font-bold inline"
        >
          projects.general.code
          projects.general.colon
           
        </div>
        <a
          class="underline inline"
          href="https://github.com/sebranly/eight-queens-puzzle"
          rel="noopener noreferrer"
          target="_blank"
          title="projects.general.altText.github projects.eightQueensPuzzle.title"
        >
          GitHub
        </a>
      </div>
      <div
        class="grow h-4"
      />
      <div>
        <div
          class="border-2 border-black border-solid cursor-pointer inline-block rounded mr-2 my-1 px-4 py-1 text-white bg-gray-600 hover:bg-gray-700"
        >
          2012
        </div>
        <div
          class="border-2 border-black border-solid cursor-pointer inline-block rounded mr-2 my-1 px-4 py-1 text-white bg-gray-600 hover:bg-gray-700"
        >
          projects.general.tags.archived
        </div>
        <div
          class="border-2 border-black border-solid cursor-pointer inline-block rounded mr-2 my-1 px-4 py-1 text-white bg-yellow-600 hover:bg-yellow-700"
        >
          C
        </div>
        <div
          class="border-2 border-black border-solid cursor-pointer inline-block rounded mr-2 my-1 px-4 py-1 text-white bg-black hover:bg-gray-700"
        >
          CLI
        </div>
        <div
          class="border-2 border-black border-solid cursor-pointer inline-block rounded mr-2 my-1 px-4 py-1 text-black bg-white hover:bg-gray-300"
        >
          GitHub
        </div>
        <div
          class="border-2 border-black border-solid cursor-pointer inline-block rounded mr-2 my-1 px-4 py-1 text-white bg-purple-600 hover:bg-purple-700"
        >
          puzzle
        </div>
        <div
          class="border-2 border-black border-solid cursor-pointer inline-block rounded mr-2 my-1 px-4 py-1 text-white bg-amber-600 hover:bg-amber-700"
        >
          projects.general.tags.school project
        </div>
      </div>
    </div>
    <div
      class="flex flex-col bg-white px-4 py-4 border-2 mx-4 lg:w-2/5 w-full my-2 rounded-lg border-solid border-gray-50"
    >
      <h2
        class="font-bold text-xl"
      >
        projects.myDraw.title
      </h2>
      <h3
        class="text-lg"
      >
        projects.myDraw.subtitle
      </h3>
      <div
        class="border-solid border-black border-2 bg-gray-200 p-2 my-2 text-justify"
      >
        <div
          class="mb-2"
        >
          projects.myDraw.desc1
        </div>
        <div
          class="mb-2"
        >
          projects.myDraw.desc2
        </div>
        <div
          class="mb-2"
        >
          projects.myDraw.desc3
        </div>
      </div>
      <div
        class="grow h-4"
      />
      <div>
        <div
          class="border-2 border-black border-solid cursor-pointer inline-block rounded mr-2 my-1 px-4 py-1 text-white bg-gray-600 hover:bg-gray-700"
        >
          2012
        </div>
        <div
          class="border-2 border-black border-solid cursor-pointer inline-block rounded mr-2 my-1 px-4 py-1 text-white bg-gray-600 hover:bg-gray-700"
        >
          projects.general.tags.archived
        </div>
        <div
          class="border-2 border-black border-solid cursor-pointer inline-block rounded mr-2 my-1 px-4 py-1 text-white bg-yellow-600 hover:bg-yellow-700"
        >
          C
        </div>
        <div
          class="border-2 border-black border-solid cursor-pointer inline-block rounded mr-2 my-1 px-4 py-1 text-white bg-green-600 hover:bg-green-700"
        >
          GUI
        </div>
        <div
          class="border-2 border-black border-solid cursor-pointer inline-block rounded mr-2 my-1 px-4 py-1 text-white bg-green-600 hover:bg-green-700"
        >
          myProjects
        </div>
        <div
          class="border-2 border-black border-solid cursor-pointer inline-block rounded mr-2 my-1 px-4 py-1 text-white bg-blue-600 hover:bg-blue-700"
        >
          SDL
        </div>
        <div
          class="border-2 border-black border-solid cursor-pointer inline-block rounded mr-2 my-1 px-4 py-1 text-white bg-blue-600 hover:bg-blue-700"
        >
          Windows
        </div>
      </div>
    </div>
    <div
      class="flex flex-col bg-white px-4 py-4 border-2 mx-4 lg:w-2/5 w-full my-2 rounded-lg border-solid border-gray-50"
    >
      <h2
        class="font-bold text-xl"
      >
        projects.bobolsSokoban3d.title
      </h2>
      <h3
        class="text-lg"
      >
        projects.bobolsSokoban3d.subtitle
      </h3>
      <div
        class="border-solid border-black border-2 bg-gray-200 p-2 my-2 text-justify"
      >
        <div
          class="mb-2"
        >
          projects.bobolsSokoban3d.desc1
        </div>
        <div
          class="mb-2"
        >
          projects.bobolsSokoban3d.desc2
        </div>
        <div
          class="mb-2"
        >
          projects.bobolsSokoban3d.desc3
        </div>
      </div>
      <div
        class="inline"
      >
        <div
          class="font-bold inline"
        >
          projects.general.contributor.male
          projects.general.colon
           
        </div>
        <div
          class="inline"
        >
          Stéphane (projects.general.roles.Designer, projects.general.roles.Tester)
        </div>
      </div>
      <div
        class="grow h-4"
      />
      <div>
        <div
          class="border-2 border-black border-solid cursor-pointer inline-block rounded mr-2 my-1 px-4 py-1 text-white bg-gray-600 hover:bg-gray-700"
        >
          2012
        </div>
        <div
          class="border-2 border-black border-solid cursor-pointer inline-block rounded mr-2 my-1 px-4 py-1 text-white bg-gray-600 hover:bg-gray-700"
        >
          projects.general.tags.archived
        </div>
        <div
          class="border-2 border-black border-solid cursor-pointer inline-block rounded mr-2 my-1 px-4 py-1 text-white bg-yellow-600 hover:bg-yellow-700"
        >
          C
        </div>
        <div
          class="border-2 border-black border-solid cursor-pointer inline-block rounded mr-2 my-1 px-4 py-1 text-white bg-green-600 hover:bg-green-700"
        >
          GUI
        </div>
        <div
          class="border-2 border-black border-solid cursor-pointer inline-block rounded mr-2 my-1 px-4 py-1 text-white bg-red-600 hover:bg-red-700"
        >
          Nintendo DS
        </div>
        <div
          class="border-2 border-black border-solid cursor-pointer inline-block rounded mr-2 my-1 px-4 py-1 text-white bg-orange-600 hover:bg-orange-700"
        >
          PAlib
        </div>
        <div
          class="border-2 border-black border-solid cursor-pointer inline-block rounded mr-2 my-1 px-4 py-1 text-white bg-amber-600 hover:bg-amber-700"
        >
          projects.general.tags.video game
        </div>
      </div>
    </div>
    <div
      class="flex flex-col bg-white px-4 py-4 border-2 mx-4 lg:w-2/5 w-full my-2 rounded-lg border-solid border-gray-50"
    >
      <h2
        class="font-bold text-xl"
      >
        projects.magicSquares.title
      </h2>
      <h3
        class="text-lg"
      >
        projects.magicSquares.subtitle
      </h3>
      <code
        class="text-black text-sm"
      >
        <pre>
          +---+---+---+
        </pre>
        <pre>
          | 4 | 9 | 2 |
        </pre>
        <pre>
          +---+---+---+
        </pre>
        <pre>
          | 3 | 5 | 7 |
        </pre>
        <pre>
          +---+---+---+
        </pre>
        <pre>
          | 8 | 1 | 6 |
        </pre>
        <pre>
          +---+---+---+
        </pre>
      </code>
      <div
        class="border-solid border-black border-2 bg-gray-200 p-2 my-2 text-justify"
      >
        <div
          class="mb-2"
        >
          projects.magicSquares.desc1
        </div>
        <div
          class="mb-2"
        >
          projects.magicSquares.desc2
        </div>
        <div
          class="mb-2"
        >
          projects.magicSquares.desc3
        </div>
      </div>
      <div
        class="inline"
      >
        <div
          class="font-bold inline"
        >
          projects.general.code
          projects.general.colon
           
        </div>
        <a
          class="underline inline"
          href="https://github.com/sebranly/magic-squares"
          rel="noopener noreferrer"
          target="_blank"
          title="projects.general.altText.github projects.magicSquares.title"
        >
          GitHub
        </a>
      </div>
      <div
        class="grow h-4"
      />
      <div>
        <div
          class="border-2 border-black border-solid cursor-pointer inline-block rounded mr-2 my-1 px-4 py-1 text-white bg-red-600 hover:bg-red-700"
        >
          2013
        </div>
        <div
          class="border-2 border-black border-solid cursor-pointer inline-block rounded mr-2 my-1 px-4 py-1 text-white bg-gray-600 hover:bg-gray-700"
        >
          projects.general.tags.archived
        </div>
        <div
          class="border-2 border-black border-solid cursor-pointer inline-block rounded mr-2 my-1 px-4 py-1 text-white bg-yellow-600 hover:bg-yellow-700"
        >
          C
        </div>
        <div
          class="border-2 border-black border-solid cursor-pointer inline-block rounded mr-2 my-1 px-4 py-1 text-white bg-black hover:bg-gray-700"
        >
          CLI
        </div>
        <div
          class="border-2 border-black border-solid cursor-pointer inline-block rounded mr-2 my-1 px-4 py-1 text-black bg-white hover:bg-gray-300"
        >
          GitHub
        </div>
        <div
          class="border-2 border-black border-solid cursor-pointer inline-block rounded mr-2 my-1 px-4 py-1 text-white bg-purple-600 hover:bg-purple-700"
        >
          puzzle
        </div>
      </div>
    </div>
    <div
      class="flex flex-col bg-white px-4 py-4 border-2 mx-4 lg:w-2/5 w-full my-2 rounded-lg border-solid border-gray-50"
    >
      <h2
        class="font-bold text-xl"
      >
        projects.myLife.title
      </h2>
      <h3
        class="text-lg"
      >
        projects.myLife.subtitle
      </h3>
      <div
        class="border-solid border-black border-2 bg-gray-200 p-2 my-2 text-justify"
      >
        <div
          class="mb-2"
        >
          projects.myLife.desc1
        </div>
        <div
          class="mb-2"
        >
          projects.myLife.desc2
        </div>
        <div
          class="mb-2"
        >
          projects.myLife.desc3
        </div>
      </div>
      <div
        class="grow h-4"
      />
      <div>
        <div
          class="border-2 border-black border-solid cursor-pointer inline-block rounded mr-2 my-1 px-4 py-1 text-white bg-red-600 hover:bg-red-700"
        >
          2013
        </div>
        <div
          class="border-2 border-black border-solid cursor-pointer inline-block rounded mr-2 my-1 px-4 py-1 text-white bg-gray-600 hover:bg-gray-700"
        >
          projects.general.tags.archived
        </div>
        <div
          class="border-2 border-black border-solid cursor-pointer inline-block rounded mr-2 my-1 px-4 py-1 text-white bg-yellow-600 hover:bg-yellow-700"
        >
          C
        </div>
        <div
          class="border-2 border-black border-solid cursor-pointer inline-block rounded mr-2 my-1 px-4 py-1 text-white bg-green-600 hover:bg-green-700"
        >
          GUI
        </div>
        <div
          class="border-2 border-black border-solid cursor-pointer inline-block rounded mr-2 my-1 px-4 py-1 text-white bg-green-600 hover:bg-green-700"
        >
          myProjects
        </div>
        <div
          class="border-2 border-black border-solid cursor-pointer inline-block rounded mr-2 my-1 px-4 py-1 text-white bg-red-600 hover:bg-red-700"
        >
          Nintendo DS
        </div>
        <div
          class="border-2 border-black border-solid cursor-pointer inline-block rounded mr-2 my-1 px-4 py-1 text-white bg-orange-600 hover:bg-orange-700"
        >
          PAlib
        </div>
      </div>
    </div>
    <div
      class="flex flex-col bg-white px-4 py-4 border-2 mx-4 lg:w-2/5 w-full my-2 rounded-lg border-solid border-gray-50"
    >
      <h2
        class="font-bold text-xl"
      >
        projects.myPixelArt.title
      </h2>
      <h3
        class="text-lg"
      >
        projects.myPixelArt.subtitle
      </h3>
      <div
        class="border-solid border-black border-2 bg-gray-200 p-2 my-2 text-justify"
      >
        <div
          class="mb-2"
        >
          projects.myPixelArt.desc1
        </div>
        <div
          class="mb-2"
        >
          projects.myPixelArt.desc2
        </div>
        <div
          class="mb-2"
        >
          projects.myPixelArt.desc3
        </div>
      </div>
      <div
        class="grow h-4"
      />
      <div>
        <div
          class="border-2 border-black border-solid cursor-pointer inline-block rounded mr-2 my-1 px-4 py-1 text-white bg-red-600 hover:bg-red-700"
        >
          2013
        </div>
        <div
          class="border-2 border-black border-solid cursor-pointer inline-block rounded mr-2 my-1 px-4 py-1 text-white bg-gray-600 hover:bg-gray-700"
        >
          projects.general.tags.archived
        </div>
        <div
          class="border-2 border-black border-solid cursor-pointer inline-block rounded mr-2 my-1 px-4 py-1 text-white bg-yellow-600 hover:bg-yellow-700"
        >
          C
        </div>
        <div
          class="border-2 border-black border-solid cursor-pointer inline-block rounded mr-2 my-1 px-4 py-1 text-white bg-green-600 hover:bg-green-700"
        >
          GUI
        </div>
        <div
          class="border-2 border-black border-solid cursor-pointer inline-block rounded mr-2 my-1 px-4 py-1 text-white bg-green-600 hover:bg-green-700"
        >
          myProjects
        </div>
        <div
          class="border-2 border-black border-solid cursor-pointer inline-block rounded mr-2 my-1 px-4 py-1 text-white bg-red-600 hover:bg-red-700"
        >
          Nintendo DS
        </div>
        <div
          class="border-2 border-black border-solid cursor-pointer inline-block rounded mr-2 my-1 px-4 py-1 text-white bg-orange-600 hover:bg-orange-700"
        >
          PAlib
        </div>
        <div
          class="border-2 border-black border-solid cursor-pointer inline-block rounded mr-2 my-1 px-4 py-1 text-white bg-blue-600 hover:bg-blue-700"
        >
          SDL
        </div>
      </div>
    </div>
    <div
      class="flex flex-col bg-white px-4 py-4 border-2 mx-4 lg:w-2/5 w-full my-2 rounded-lg border-solid border-gray-50"
    >
      <h2
        class="font-bold text-xl"
      >
        projects.myTetris.title
      </h2>
      <h3
        class="text-lg"
      >
        projects.myTetris.subtitle
      </h3>
      <div
        class="border-solid border-black border-2 bg-gray-200 p-2 my-2 text-justify"
      >
        <div
          class="mb-2"
        >
          projects.myTetris.desc1
        </div>
        <div
          class="mb-2"
        >
          projects.myTetris.desc2
        </div>
        <div
          class="mb-2"
        >
          projects.myTetris.desc3
        </div>
        <div
          class="mb-2"
        >
          projects.myTetris.desc4
        </div>
      </div>
      <div
        class="grow h-4"
      />
      <div>
        <div
          class="border-2 border-black border-solid cursor-pointer inline-block rounded mr-2 my-1 px-4 py-1 text-white bg-red-600 hover:bg-red-700"
        >
          2013
        </div>
        <div
          class="border-2 border-black border-solid cursor-pointer inline-block rounded mr-2 my-1 px-4 py-1 text-white bg-red-600 hover:bg-red-700"
        >
          3D
        </div>
        <div
          class="border-2 border-black border-solid cursor-pointer inline-block rounded mr-2 my-1 px-4 py-1 text-white bg-gray-600 hover:bg-gray-700"
        >
          projects.general.tags.archived
        </div>
        <div
          class="border-2 border-black border-solid cursor-pointer inline-block rounded mr-2 my-1 px-4 py-1 text-white bg-yellow-600 hover:bg-yellow-700"
        >
          C
        </div>
        <div
          class="border-2 border-black border-solid cursor-pointer inline-block rounded mr-2 my-1 px-4 py-1 text-white bg-green-600 hover:bg-green-700"
        >
          GUI
        </div>
        <div
          class="border-2 border-black border-solid cursor-pointer inline-block rounded mr-2 my-1 px-4 py-1 text-white bg-green-600 hover:bg-green-700"
        >
          myProjects
        </div>
        <div
          class="border-2 border-black border-solid cursor-pointer inline-block rounded mr-2 my-1 px-4 py-1 text-white bg-red-600 hover:bg-red-700"
        >
          Nintendo DS
        </div>
        <div
          class="border-2 border-black border-solid cursor-pointer inline-block rounded mr-2 my-1 px-4 py-1 text-white bg-indigo-600 hover:bg-indigo-700"
        >
          OpenGL
        </div>
        <div
          class="border-2 border-black border-solid cursor-pointer inline-block rounded mr-2 my-1 px-4 py-1 text-white bg-orange-600 hover:bg-orange-700"
        >
          PAlib
        </div>
        <div
          class="border-2 border-black border-solid cursor-pointer inline-block rounded mr-2 my-1 px-4 py-1 text-white bg-amber-600 hover:bg-amber-700"
        >
          projects.general.tags.video game
        </div>
      </div>
    </div>
    <div
      class="flex flex-col bg-white px-4 py-4 border-2 mx-4 lg:w-2/5 w-full my-2 rounded-lg border-solid border-gray-50"
    >
      <h2
        class="font-bold text-xl"
      >
        projects.mySudokuTool.title
      </h2>
      <h3
        class="text-lg"
      >
        projects.mySudokuTool.subtitle
      </h3>
      <div
        class="border-solid border-black border-2 bg-gray-200 p-2 my-2 text-justify"
      >
        <div
          class="mb-2"
        >
          projects.mySudokuTool.desc1
        </div>
        <div
          class="mb-2"
        >
          projects.mySudokuTool.desc2
        </div>
        <div
          class="mb-2"
        >
          projects.mySudokuTool.desc3
        </div>
      </div>
      <div
        class="inline"
      >
        <div
          class="font-bold inline"
        >
          projects.general.contributor.male
          projects.general.colon
           
        </div>
        <div
          class="inline"
        >
          Julien (projects.general.roles.Algorithm)
        </div>
      </div>
      <div
        class="grow h-4"
      />
      <div>
        <div
          class="border-2 border-black border-solid cursor-pointer inline-block rounded mr-2 my-1 px-4 py-1 text-white bg-red-600 hover:bg-red-700"
        >
          2013
        </div>
        <div
          class="border-2 border-black border-solid cursor-pointer inline-block rounded mr-2 my-1 px-4 py-1 text-white bg-gray-600 hover:bg-gray-700"
        >
          projects.general.tags.archived
        </div>
        <div
          class="border-2 border-black border-solid cursor-pointer inline-block rounded mr-2 my-1 px-4 py-1 text-white bg-yellow-600 hover:bg-yellow-700"
        >
          C
        </div>
        <div
          class="border-2 border-black border-solid cursor-pointer inline-block rounded mr-2 my-1 px-4 py-1 text-white bg-green-600 hover:bg-green-700"
        >
          GUI
        </div>
        <div
          class="border-2 border-black border-solid cursor-pointer inline-block rounded mr-2 my-1 px-4 py-1 text-white bg-green-600 hover:bg-green-700"
        >
          myProjects
        </div>
        <div
          class="border-2 border-black border-solid cursor-pointer inline-block rounded mr-2 my-1 px-4 py-1 text-white bg-blue-600 hover:bg-blue-700"
        >
          SDL
        </div>
        <div
          class="border-2 border-black border-solid cursor-pointer inline-block rounded mr-2 my-1 px-4 py-1 text-white bg-blue-600 hover:bg-blue-700"
        >
          Windows
        </div>
      </div>
    </div>
    <div
      class="flex flex-col bg-white px-4 py-4 border-2 mx-4 lg:w-2/5 w-full my-2 rounded-lg border-solid border-gray-50"
    >
      <h2
        class="font-bold text-xl"
      >
        projects.connectFour.title
      </h2>
      <h3
        class="text-lg"
      >
        projects.connectFour.subtitle
      </h3>
      <div
        class="border-solid border-black border-2 bg-gray-200 p-2 my-2 text-justify"
      >
        <div
          class="mb-2"
        >
          projects.connectFour.desc1
        </div>
        <div
          class="mb-2"
        >
          projects.connectFour.desc2
        </div>
        <div
          class="mb-2"
        >
          projects.connectFour.desc3
        </div>
      </div>
      <div
        class="inline"
      >
        <div
          class="font-bold inline"
        >
          projects.general.contributor.male
          projects.general.colon
           
        </div>
        <div
          class="inline"
        >
          Alex (projects.general.roles.Developer)
        </div>
      </div>
      <div
        class="inline"
      >
        <div
          class="font-bold inline"
        >
          projects.general.code
          projects.general.colon
           
        </div>
        <a
          class="underline inline"
          href="https://github.com/sebranly/connect-four"
          rel="noopener noreferrer"
          target="_blank"
          title="projects.general.altText.github projects.connectFour.title"
        >
          GitHub
        </a>
      </div>
      <div
        class="grow h-4"
      />
      <div>
        <div
          class="border-2 border-black border-solid cursor-pointer inline-block rounded mr-2 my-1 px-4 py-1 text-white bg-red-600 hover:bg-red-700"
        >
          2013
        </div>
        <div
          class="border-2 border-black border-solid cursor-pointer inline-block rounded mr-2 my-1 px-4 py-1 text-white bg-gray-600 hover:bg-gray-700"
        >
          projects.general.tags.archived
        </div>
        <div
          class="border-2 border-black border-solid cursor-pointer inline-block rounded mr-2 my-1 px-4 py-1 text-black bg-white hover:bg-gray-300"
        >
          GitHub
        </div>
        <div
          class="border-2 border-black border-solid cursor-pointer inline-block rounded mr-2 my-1 px-4 py-1 text-white bg-green-600 hover:bg-green-700"
        >
          GUI
        </div>
        <div
          class="border-2 border-black border-solid cursor-pointer inline-block rounded mr-2 my-1 px-4 py-1 text-white bg-blue-600 hover:bg-blue-700"
        >
          Python
        </div>
        <div
          class="border-2 border-black border-solid cursor-pointer inline-block rounded mr-2 my-1 px-4 py-1 text-white bg-amber-600 hover:bg-amber-700"
        >
          projects.general.tags.school project
        </div>
        <div
          class="border-2 border-black border-solid cursor-pointer inline-block rounded mr-2 my-1 px-4 py-1 text-white bg-blue-600 hover:bg-blue-700"
        >
          Windows
        </div>
      </div>
    </div>
    <div
      class="flex flex-col bg-white px-4 py-4 border-2 mx-4 lg:w-2/5 w-full my-2 rounded-lg border-solid border-gray-50"
    >
      <h2
        class="font-bold text-xl"
      >
        projects.myEnglishGame.title
      </h2>
      <h3
        class="text-lg"
      >
        projects.myEnglishGame.subtitle
      </h3>
      <div
        class="border-solid border-black border-2 bg-gray-200 p-2 my-2 text-justify"
      >
        <div
          class="mb-2"
        >
          projects.myEnglishGame.desc1
        </div>
        <div
          class="mb-2"
        >
          projects.myEnglishGame.desc2
        </div>
        <div
          class="mb-2"
        >
          projects.myEnglishGame.desc3
        </div>
      </div>
      <div
        class="grow h-4"
      />
      <div>
        <div
          class="border-2 border-black border-solid cursor-pointer inline-block rounded mr-2 my-1 px-4 py-1 text-white bg-red-600 hover:bg-red-700"
        >
          2013
        </div>
        <div
          class="border-2 border-black border-solid cursor-pointer inline-block rounded mr-2 my-1 px-4 py-1 text-white bg-orange-600 hover:bg-orange-700"
        >
          2014
        </div>
        <div
          class="border-2 border-black border-solid cursor-pointer inline-block rounded mr-2 my-1 px-4 py-1 text-white bg-gray-600 hover:bg-gray-700"
        >
          projects.general.tags.archived
        </div>
        <div
          class="border-2 border-black border-solid cursor-pointer inline-block rounded mr-2 my-1 px-4 py-1 text-white bg-yellow-600 hover:bg-yellow-700"
        >
          C
        </div>
        <div
          class="border-2 border-black border-solid cursor-pointer inline-block rounded mr-2 my-1 px-4 py-1 text-white bg-green-600 hover:bg-green-700"
        >
          GUI
        </div>
        <div
          class="border-2 border-black border-solid cursor-pointer inline-block rounded mr-2 my-1 px-4 py-1 text-white bg-green-600 hover:bg-green-700"
        >
          myProjects
        </div>
        <div
          class="border-2 border-black border-solid cursor-pointer inline-block rounded mr-2 my-1 px-4 py-1 text-white bg-blue-600 hover:bg-blue-700"
        >
          SDL
        </div>
        <div
          class="border-2 border-black border-solid cursor-pointer inline-block rounded mr-2 my-1 px-4 py-1 text-white bg-amber-600 hover:bg-amber-700"
        >
          projects.general.tags.video game
        </div>
        <div
          class="border-2 border-black border-solid cursor-pointer inline-block rounded mr-2 my-1 px-4 py-1 text-white bg-blue-600 hover:bg-blue-700"
        >
          Windows
        </div>
      </div>
    </div>
    <div
      class="flex flex-col bg-white px-4 py-4 border-2 mx-4 lg:w-2/5 w-full my-2 rounded-lg border-solid border-gray-50"
    >
      <h2
        class="font-bold text-xl"
      >
        projects.GTAV.title
      </h2>
      <h3
        class="text-lg"
      >
        projects.GTAV.subtitle
      </h3>
      <div
        class="border-solid border-black border-2 bg-gray-200 p-2 my-2 text-justify"
      >
        <div
          class="mb-2"
        >
          projects.GTAV.desc1
        </div>
        <div
          class="mb-2"
        >
          projects.GTAV.desc2
        </div>
        <div
          class="mb-2"
        >
          projects.GTAV.desc3
        </div>
      </div>
      <div
        class="inline"
      >
        <div
          class="font-bold inline"
        >
          projects.general.contributor.male
          projects.general.colon
           
        </div>
        <div
          class="inline"
        >
          Stéphane (projects.general.roles.Developer)
        </div>
      </div>
      <div
        class="grow h-4"
      />
      <div>
        <div
          class="border-2 border-black border-solid cursor-pointer inline-block rounded mr-2 my-1 px-4 py-1 text-white bg-orange-600 hover:bg-orange-700"
        >
          2014
        </div>
        <div
          class="border-2 border-black border-solid cursor-pointer inline-block rounded mr-2 my-1 px-4 py-1 text-white bg-gray-600 hover:bg-gray-700"
        >
          projects.general.tags.archived
        </div>
        <div
          class="border-2 border-black border-solid cursor-pointer inline-block rounded mr-2 my-1 px-4 py-1 text-white bg-indigo-600 hover:bg-indigo-700"
        >
          CSS
        </div>
        <div
          class="border-2 border-black border-solid cursor-pointer inline-block rounded mr-2 my-1 px-4 py-1 text-white bg-orange-600 hover:bg-orange-700"
        >
          HTML
        </div>
        <div
          class="border-2 border-black border-solid cursor-pointer inline-block rounded mr-2 my-1 px-4 py-1 text-white bg-yellow-600 hover:bg-yellow-700"
        >
          JavaScript
        </div>
        <div
          class="border-2 border-black border-solid cursor-pointer inline-block rounded mr-2 my-1 px-4 py-1 text-white bg-indigo-600 hover:bg-indigo-700"
        >
          PHP
        </div>
        <div
          class="border-2 border-black border-solid cursor-pointer inline-block rounded mr-2 my-1 px-4 py-1 text-white bg-orange-600 hover:bg-orange-700"
        >
          SQL
        </div>
        <div
          class="border-2 border-black border-solid cursor-pointer inline-block rounded mr-2 my-1 px-4 py-1 text-white bg-purple-600 hover:bg-purple-700"
        >
          projects.general.tags.website
        </div>
      </div>
    </div>
    <div
      class="flex flex-col bg-white px-4 py-4 border-2 mx-4 lg:w-2/5 w-full my-2 rounded-lg border-solid border-gray-50"
    >
      <h2
        class="font-bold text-xl"
      >
        projects.simpleBot.title
      </h2>
      <h3
        class="text-lg"
      >
        projects.simpleBot.subtitle
      </h3>
      <div
        class="border-solid border-black border-2 bg-gray-200 p-2 my-2 text-justify"
      >
        <div
          class="mb-2"
        >
          projects.simpleBot.desc1
        </div>
        <div
          class="mb-2"
        >
          projects.simpleBot.desc2
        </div>
        <div
          class="mb-2"
        >
          projects.simpleBot.desc3
        </div>
      </div>
      <div
        class="inline"
      >
        <div
          class="font-bold inline"
        >
          projects.general.code
          projects.general.colon
           
        </div>
        <a
          class="underline inline"
          href="https://github.com/sebranly/simple-bot"
          rel="noopener noreferrer"
          target="_blank"
          title="projects.general.altText.github projects.simpleBot.title"
        >
          GitHub
        </a>
      </div>
      <div
        class="grow h-4"
      />
      <div>
        <div
          class="border-2 border-black border-solid cursor-pointer inline-block rounded mr-2 my-1 px-4 py-1 text-white bg-green-600 hover:bg-green-700"
        >
          2016
        </div>
        <div
          class="border-2 border-black border-solid cursor-pointer inline-block rounded mr-2 my-1 px-4 py-1 text-white bg-indigo-600 hover:bg-indigo-700"
        >
          AIML
        </div>
        <div
          class="border-2 border-black border-solid cursor-pointer inline-block rounded mr-2 my-1 px-4 py-1 text-white bg-gray-600 hover:bg-gray-700"
        >
          projects.general.tags.archived
        </div>
        <div
          class="border-2 border-black border-solid cursor-pointer inline-block rounded mr-2 my-1 px-4 py-1 text-white bg-black hover:bg-gray-700"
        >
          CLI
        </div>
        <div
          class="border-2 border-black border-solid cursor-pointer inline-block rounded mr-2 my-1 px-4 py-1 text-black bg-white hover:bg-gray-300"
        >
          GitHub
        </div>
        <div
          class="border-2 border-black border-solid cursor-pointer inline-block rounded mr-2 my-1 px-4 py-1 text-white bg-amber-600 hover:bg-amber-700"
        >
          projects.general.tags.school project
        </div>
      </div>
    </div>
    <div
      class="flex flex-col bg-white px-4 py-4 border-2 mx-4 lg:w-2/5 w-full my-2 rounded-lg border-solid border-gray-50"
    >
      <h2
        class="font-bold text-xl"
      >
        projects.aoc2017.title
      </h2>
      <h3
        class="text-lg"
      >
        projects.aoc2017.subtitle
      </h3>
      <div
        class="border-solid border-black border-2 bg-gray-200 p-2 my-2 text-justify"
      >
        <div
          class="mb-2"
        >
          projects.aoc2017.desc1
        </div>
        <div
          class="mb-2"
        >
          projects.aoc2017.desc2
        </div>
        <div
          class="mb-2"
        >
          projects.aoc2017.desc3
        </div>
      </div>
      <div
        class="inline"
      >
        <div
          class="font-bold inline"
        >
          projects.general.code
          projects.general.colon
           
        </div>
        <a
          class="underline inline"
          href="https://github.com/sebranly/advent-of-code-2017"
          rel="noopener noreferrer"
          target="_blank"
          title="projects.general.altText.github projects.aoc2017.title"
        >
          GitHub
        </a>
      </div>
      <div
        class="grow h-4"
      />
      <div>
        <div
          class="border-2 border-black border-solid cursor-pointer inline-block rounded mr-2 my-1 px-4 py-1 text-white bg-blue-600 hover:bg-blue-700"
        >
          2017
        </div>
        <div
          class="border-2 border-black border-solid cursor-pointer inline-block rounded mr-2 my-1 px-4 py-1 text-white bg-gray-600 hover:bg-gray-700"
        >
          projects.general.tags.archived
        </div>
        <div
          class="border-2 border-black border-solid cursor-pointer inline-block rounded mr-2 my-1 px-4 py-1 text-white bg-yellow-600 hover:bg-yellow-700"
        >
          C
        </div>
        <div
          class="border-2 border-black border-solid cursor-pointer inline-block rounded mr-2 my-1 px-4 py-1 text-white bg-black hover:bg-gray-700"
        >
          CLI
        </div>
        <div
          class="border-2 border-black border-solid cursor-pointer inline-block rounded mr-2 my-1 px-4 py-1 text-black bg-white hover:bg-gray-300"
        >
          GitHub
        </div>
        <div
          class="border-2 border-black border-solid cursor-pointer inline-block rounded mr-2 my-1 px-4 py-1 text-white bg-purple-600 hover:bg-purple-700"
        >
          puzzle
        </div>
      </div>
    </div>
    <div
      class="flex flex-col bg-white px-4 py-4 border-2 mx-4 lg:w-2/5 w-full my-2 rounded-lg border-solid border-gray-50"
    >
      <h2
        class="font-bold text-xl"
      >
        projects.projectEuler.title
      </h2>
      <h3
        class="text-lg"
      >
        projects.projectEuler.subtitle
      </h3>
      <div
        class="border-solid border-black border-2 bg-gray-200 p-2 my-2 text-justify"
      >
        <div
          class="mb-2"
        >
          projects.projectEuler.desc1
        </div>
        <div
          class="mb-2"
        >
          projects.projectEuler.desc2
        </div>
      </div>
      <div
        class="inline"
      >
        <div
          class="font-bold inline"
        >
          projects.general.code
          projects.general.colon
           
        </div>
        <a
          class="underline inline"
          href="https://github.com/sebranly/project-euler"
          rel="noopener noreferrer"
          target="_blank"
          title="projects.general.altText.github projects.projectEuler.title"
        >
          GitHub
        </a>
      </div>
      <div
        class="grow h-4"
      />
      <div>
        <div
          class="border-2 border-black border-solid cursor-pointer inline-block rounded mr-2 my-1 px-4 py-1 text-white bg-blue-600 hover:bg-blue-700"
        >
          2017
        </div>
        <div
          class="border-2 border-black border-solid cursor-pointer inline-block rounded mr-2 my-1 px-4 py-1 text-white bg-gray-600 hover:bg-gray-700"
        >
          projects.general.tags.archived
        </div>
        <div
          class="border-2 border-black border-solid cursor-pointer inline-block rounded mr-2 my-1 px-4 py-1 text-white bg-black hover:bg-gray-700"
        >
          CLI
        </div>
        <div
          class="border-2 border-black border-solid cursor-pointer inline-block rounded mr-2 my-1 px-4 py-1 text-black bg-white hover:bg-gray-300"
        >
          GitHub
        </div>
        <div
          class="border-2 border-black border-solid cursor-pointer inline-block rounded mr-2 my-1 px-4 py-1 text-white bg-purple-600 hover:bg-purple-700"
        >
          puzzle
        </div>
        <div
          class="border-2 border-black border-solid cursor-pointer inline-block rounded mr-2 my-1 px-4 py-1 text-white bg-blue-600 hover:bg-blue-700"
        >
          Python
        </div>
      </div>
    </div>
    <div
      class="flex flex-col bg-white px-4 py-4 border-2 mx-4 lg:w-2/5 w-full my-2 rounded-lg border-solid border-gray-50"
    >
      <h2
        class="font-bold text-xl"
      >
        projects.maze.title
      </h2>
      <h3
        class="text-lg"
      >
        projects.maze.subtitle
      </h3>
      <code
        class="text-black text-sm"
      >
        <pre>
          +---+---+---+---+
        </pre>
        <pre>
          | #   # |       |
        </pre>
        <pre>
          +---+   +   +---+
        </pre>
        <pre>
          |     # |   |   |
        </pre>
        <pre>
          +   +   +   +   +
        </pre>
        <pre>
          |   | #   #   # |
        </pre>
        <pre>
          +---+---+---+---+
        </pre>
      </code>
      <div
        class="border-solid border-black border-2 bg-gray-200 p-2 my-2 text-justify"
      >
        <div
          class="mb-2"
        >
          projects.maze.desc1
        </div>
        <div
          class="mb-2"
        >
          projects.maze.desc2
        </div>
        <div
          class="mb-2"
        >
          projects.maze.desc3
        </div>
        <div
          class="mb-2"
        >
          projects.maze.desc4
        </div>
      </div>
      <div
        class="inline"
      >
        <div
          class="font-bold inline"
        >
          projects.general.code
          projects.general.colon
           
        </div>
        <a
          class="underline inline"
          href="https://github.com/sebranly/maze-generators"
          rel="noopener noreferrer"
          target="_blank"
          title="projects.general.altText.github projects.maze.title"
        >
          GitHub
        </a>
      </div>
      <div
        class="grow h-4"
      />
      <div>
        <div
          class="border-2 border-black border-solid cursor-pointer inline-block rounded mr-2 my-1 px-4 py-1 text-white bg-indigo-600 hover:bg-indigo-700"
        >
          2018
        </div>
        <div
          class="border-2 border-black border-solid cursor-pointer inline-block rounded mr-2 my-1 px-4 py-1 text-white bg-gray-600 hover:bg-gray-700"
        >
          projects.general.tags.archived
        </div>
        <div
          class="border-2 border-black border-solid cursor-pointer inline-block rounded mr-2 my-1 px-4 py-1 text-white bg-yellow-600 hover:bg-yellow-700"
        >
          C
        </div>
        <div
          class="border-2 border-black border-solid cursor-pointer inline-block rounded mr-2 my-1 px-4 py-1 text-white bg-black hover:bg-gray-700"
        >
          CLI
        </div>
        <div
          class="border-2 border-black border-solid cursor-pointer inline-block rounded mr-2 my-1 px-4 py-1 text-black bg-white hover:bg-gray-300"
        >
          GitHub
        </div>
        <div
          class="border-2 border-black border-solid cursor-pointer inline-block rounded mr-2 my-1 px-4 py-1 text-white bg-purple-600 hover:bg-purple-700"
        >
          puzzle
        </div>
      </div>
    </div>
    <div
      class="flex flex-col bg-white px-4 py-4 border-2 mx-4 lg:w-2/5 w-full my-2 rounded-lg border-solid border-gray-50"
    >
      <h2
        class="font-bold text-xl"
      >
        projects.resume.title
      </h2>
      <h3
        class="text-lg"
      >
        projects.resume.subtitle
      </h3>
      <div
        class="border-solid border-black border-2 bg-gray-200 p-2 my-2 text-justify"
      >
        <div
          class="mb-2"
        >
          projects.resume.desc1
        </div>
        <div
          class="mb-2"
        >
          projects.resume.desc2
        </div>
        <div
          class="mb-2"
        >
          projects.resume.desc3
        </div>
      </div>
      <div
        class="inline"
      >
        <div
          class="font-bold inline"
        >
          projects.general.code
          projects.general.colon
           
        </div>
        <a
          class="underline inline"
          href="https://github.com/sebranly/sebranly-resume"
          rel="noopener noreferrer"
          target="_blank"
          title="projects.general.altText.github projects.resume.title"
        >
          GitHub
        </a>
      </div>
      <div
        class="inline"
      >
        <div
          class="font-bold inline"
        >
          projects.general.website
          projects.general.colon
           
        </div>
        <a
          class="underline inline"
          href="https://sebranly.github.io/sebranly-resume"
          rel="noopener noreferrer"
          target="_blank"
          title="projects.general.altText.website projects.resume.title"
        >
          projects.general.link
        </a>
      </div>
      <div
        class="grow h-4"
      />
      <div>
        <div
          class="border-2 border-black border-solid cursor-pointer inline-block rounded mr-2 my-1 px-4 py-1 text-white bg-indigo-600 hover:bg-indigo-700"
        >
          2018
        </div>
        <div
          class="border-2 border-black border-solid cursor-pointer inline-block rounded mr-2 my-1 px-4 py-1 text-white bg-gray-600 hover:bg-gray-700"
        >
          projects.general.tags.archived
        </div>
        <div
          class="border-2 border-black border-solid cursor-pointer inline-block rounded mr-2 my-1 px-4 py-1 text-white bg-indigo-600 hover:bg-indigo-700"
        >
          CSS
        </div>
        <div
          class="border-2 border-black border-solid cursor-pointer inline-block rounded mr-2 my-1 px-4 py-1 text-black bg-white hover:bg-gray-300"
        >
          GitHub
        </div>
        <div
          class="border-2 border-black border-solid cursor-pointer inline-block rounded mr-2 my-1 px-4 py-1 text-white bg-orange-600 hover:bg-orange-700"
        >
          HTML
        </div>
        <div
          class="border-2 border-black border-solid cursor-pointer inline-block rounded mr-2 my-1 px-4 py-1 text-white bg-yellow-600 hover:bg-yellow-700"
        >
          JavaScript
        </div>
        <div
          class="border-2 border-black border-solid cursor-pointer inline-block rounded mr-2 my-1 px-4 py-1 text-white bg-green-600 hover:bg-green-700"
        >
          projects.general.tags.live
        </div>
        <div
          class="border-2 border-black border-solid cursor-pointer inline-block rounded mr-2 my-1 px-4 py-1 text-white bg-purple-600 hover:bg-purple-700"
        >
          projects.general.tags.website
        </div>
      </div>
    </div>
    <div
      class="flex flex-col bg-white px-4 py-4 border-2 mx-4 lg:w-2/5 w-full my-2 rounded-lg border-solid border-gray-50"
    >
      <h2
        class="font-bold text-xl"
      >
        projects.aoc.title
      </h2>
      <h3
        class="text-lg"
      >
        projects.aoc.subtitle
      </h3>
      <div
        class="border-solid border-black border-2 bg-gray-200 p-2 my-2 text-justify"
      >
        <div
          class="mb-2"
        >
          projects.aoc.desc1
        </div>
        <div
          class="mb-2"
        >
          projects.aoc.desc2
        </div>
        <div
          class="mb-2"
        >
          projects.aoc.desc3
        </div>
      </div>
      <div
        class="inline"
      >
        <div
          class="font-bold inline"
        >
          projects.general.code
          projects.general.colon
           
        </div>
        <a
          class="underline inline"
          href="https://github.com/sebranly/advent-of-code"
          rel="noopener noreferrer"
          target="_blank"
          title="projects.general.altText.github projects.aoc.title"
        >
          GitHub
        </a>
      </div>
      <div
        class="grow h-4"
      />
      <div>
        <div
          class="border-2 border-black border-solid cursor-pointer inline-block rounded mr-2 my-1 px-4 py-1 text-white bg-indigo-600 hover:bg-indigo-700"
        >
          2018
        </div>
        <div
          class="border-2 border-black border-solid cursor-pointer inline-block rounded mr-2 my-1 px-4 py-1 text-white bg-gray-600 hover:bg-gray-700"
        >
          projects.general.tags.archived
        </div>
        <div
          class="border-2 border-black border-solid cursor-pointer inline-block rounded mr-2 my-1 px-4 py-1 text-white bg-black hover:bg-gray-700"
        >
          CLI
        </div>
        <div
          class="border-2 border-black border-solid cursor-pointer inline-block rounded mr-2 my-1 px-4 py-1 text-black bg-white hover:bg-gray-300"
        >
          GitHub
        </div>
        <div
          class="border-2 border-black border-solid cursor-pointer inline-block rounded mr-2 my-1 px-4 py-1 text-white bg-yellow-600 hover:bg-yellow-700"
        >
          JavaScript
        </div>
        <div
          class="border-2 border-black border-solid cursor-pointer inline-block rounded mr-2 my-1 px-4 py-1 text-white bg-purple-600 hover:bg-purple-700"
        >
          puzzle
        </div>
      </div>
    </div>
    <div
      class="flex flex-col bg-white px-4 py-4 border-2 mx-4 lg:w-2/5 w-full my-2 rounded-lg border-solid border-gray-50"
    >
      <h2
        class="font-bold text-xl"
      >
        projects.englishPronunciation.title
      </h2>
      <h3
        class="text-lg"
      >
        projects.englishPronunciation.subtitle
      </h3>
      <div
        class="border-solid border-black border-2 bg-gray-200 p-2 my-2 text-justify"
      >
        <div
          class="mb-2"
        >
          projects.englishPronunciation.desc1
        </div>
        <div
          class="mb-2"
        >
          projects.englishPronunciation.desc2
        </div>
        <div
          class="mb-2"
        >
          projects.englishPronunciation.desc3
        </div>
      </div>
      <div
        class="inline"
      >
        <div
          class="font-bold inline"
        >
          projects.general.contributor.female
          projects.general.colon
           
        </div>
        <div
          class="inline"
        >
          Faith (projects.general.roles.Product Owner)
        </div>
      </div>
      <div
        class="inline"
      >
        <div
          class="font-bold inline"
        >
          projects.general.code
          projects.general.colon
           
        </div>
        <a
          class="underline inline"
          href="https://github.com/fbpellas/fbpellas.github.io"
          rel="noopener noreferrer"
          target="_blank"
          title="projects.general.altText.github projects.englishPronunciation.title"
        >
          GitHub
        </a>
      </div>
      <div
        class="inline"
      >
        <div
          class="font-bold inline"
        >
          projects.general.website
          projects.general.colon
           
        </div>
        <a
          class="underline inline"
          href="https://fbpellas.github.io/"
          rel="noopener noreferrer"
          target="_blank"
          title="projects.general.altText.website projects.englishPronunciation.title"
        >
          projects.general.link
        </a>
      </div>
      <div
        class="grow h-4"
      />
      <div>
        <div
          class="border-2 border-black border-solid cursor-pointer inline-block rounded mr-2 my-1 px-4 py-1 text-white bg-rose-600 hover:bg-rose-700"
        >
          2020
        </div>
        <div
          class="border-2 border-black border-solid cursor-pointer inline-block rounded mr-2 my-1 px-4 py-1 text-white bg-amber-600 hover:bg-amber-700"
        >
          2022
        </div>
        <div
          class="border-2 border-black border-solid cursor-pointer inline-block rounded mr-2 my-1 px-4 py-1 text-white bg-indigo-600 hover:bg-indigo-700"
        >
          CSS
        </div>
        <div
          class="border-2 border-black border-solid cursor-pointer inline-block rounded mr-2 my-1 px-4 py-1 text-black bg-white hover:bg-gray-300"
        >
          GitHub
        </div>
        <div
          class="border-2 border-black border-solid cursor-pointer inline-block rounded mr-2 my-1 px-4 py-1 text-white bg-green-600 hover:bg-green-700"
        >
          projects.general.tags.live
        </div>
        <div
          class="border-2 border-black border-solid cursor-pointer inline-block rounded mr-2 my-1 px-4 py-1 text-white bg-blue-600 hover:bg-blue-700"
        >
          React
        </div>
        <div
          class="border-2 border-black border-solid cursor-pointer inline-block rounded mr-2 my-1 px-4 py-1 text-white bg-blue-600 hover:bg-blue-700"
        >
          TypeScript
        </div>
        <div
          class="border-2 border-black border-solid cursor-pointer inline-block rounded mr-2 my-1 px-4 py-1 text-white bg-purple-600 hover:bg-purple-700"
        >
          projects.general.tags.website
        </div>
      </div>
    </div>
    <div
      class="flex flex-col bg-white px-4 py-4 border-2 mx-4 lg:w-2/5 w-full my-2 rounded-lg border-solid border-gray-50"
    >
      <h2
        class="font-bold text-xl"
      >
        projects.coolr.title
      </h2>
      <h3
        class="text-lg"
      >
        projects.coolr.subtitle
      </h3>
      <div
        class="border-solid border-black border-2 bg-gray-200 p-2 my-2 text-justify"
      >
        <div
          class="mb-2"
        >
          projects.coolr.desc1
        </div>
        <div
          class="mb-2"
        >
          projects.coolr.desc2
        </div>
        <div
          class="mb-2"
        >
          projects.coolr.desc3
        </div>
      </div>
      <div
        class="inline"
      >
        <div
          class="font-bold inline"
        >
          projects.general.code
          projects.general.colon
           
        </div>
        <a
          class="underline inline"
          href="https://github.com/sebranly/coolr"
          rel="noopener noreferrer"
          target="_blank"
          title="projects.general.altText.github projects.coolr.title"
        >
          GitHub
        </a>
      </div>
      <div
        class="inline"
      >
        <div
          class="font-bold inline"
        >
          projects.general.website
          projects.general.colon
           
        </div>
        <a
          class="underline inline"
          href="https://sebranly.github.io/coolr"
          rel="noopener noreferrer"
          target="_blank"
          title="projects.general.altText.website projects.coolr.title"
        >
          projects.general.link
        </a>
      </div>
      <div
        class="grow h-4"
      />
      <div>
        <div
          class="border-2 border-black border-solid cursor-pointer inline-block rounded mr-2 my-1 px-4 py-1 text-black bg-white hover:bg-gray-300"
        >
          2021
        </div>
        <div
          class="border-2 border-black border-solid cursor-pointer inline-block rounded mr-2 my-1 px-4 py-1 text-white bg-gray-600 hover:bg-gray-700"
        >
          projects.general.tags.archived
        </div>
        <div
          class="border-2 border-black border-solid cursor-pointer inline-block rounded mr-2 my-1 px-4 py-1 text-white bg-indigo-600 hover:bg-indigo-700"
        >
          CSS
        </div>
        <div
          class="border-2 border-black border-solid cursor-pointer inline-block rounded mr-2 my-1 px-4 py-1 text-black bg-white hover:bg-gray-300"
        >
          GitHub
        </div>
        <div
          class="border-2 border-black border-solid cursor-pointer inline-block rounded mr-2 my-1 px-4 py-1 text-white bg-green-600 hover:bg-green-700"
        >
          projects.general.tags.live
        </div>
        <div
          class="border-2 border-black border-solid cursor-pointer inline-block rounded mr-2 my-1 px-4 py-1 text-white bg-purple-600 hover:bg-purple-700"
        >
          puzzle
        </div>
        <div
          class="border-2 border-black border-solid cursor-pointer inline-block rounded mr-2 my-1 px-4 py-1 text-white bg-blue-600 hover:bg-blue-700"
        >
          React
        </div>
        <div
          class="border-2 border-black border-solid cursor-pointer inline-block rounded mr-2 my-1 px-4 py-1 text-white bg-blue-600 hover:bg-blue-700"
        >
          TypeScript
        </div>
        <div
          class="border-2 border-black border-solid cursor-pointer inline-block rounded mr-2 my-1 px-4 py-1 text-white bg-purple-600 hover:bg-purple-700"
        >
          projects.general.tags.website
        </div>
      </div>
    </div>
    <div
      class="flex flex-col bg-white px-4 py-4 border-2 mx-4 lg:w-2/5 w-full my-2 rounded-lg border-solid border-gray-50"
    >
      <h2
        class="font-bold text-xl"
      >
        projects.ctrOcr.title
      </h2>
      <h3
        class="text-lg"
      >
        projects.ctrOcr.subtitle
      </h3>
      <div
        class="border-solid border-black border-2 bg-gray-200 p-2 my-2 text-justify"
      >
        <div
          class="mb-2"
        >
          projects.ctrOcr.desc1
        </div>
        <div
          class="mb-2"
        >
          projects.ctrOcr.desc2
        </div>
        <div
          class="mb-2"
        >
          projects.ctrOcr.desc3
        </div>
      </div>
      <div
        class="inline"
      >
        <div
          class="font-bold inline"
        >
          projects.general.code
          projects.general.colon
           
        </div>
        <a
          class="underline inline"
          href="https://github.com/sebranly/ctr-ocr"
          rel="noopener noreferrer"
          target="_blank"
          title="projects.general.altText.github projects.ctrOcr.title"
        >
          GitHub
        </a>
      </div>
      <div
        class="inline"
      >
        <div
          class="font-bold inline"
        >
          projects.general.website
          projects.general.colon
           
        </div>
        <a
          class="underline inline"
          href="https://www.crashteamresults.com"
          rel="noopener noreferrer"
          target="_blank"
          title="projects.general.altText.website projects.ctrOcr.title"
        >
          projects.general.link
        </a>
      </div>
      <div
        class="grow h-4"
      />
      <div>
        <div
          class="border-2 border-black border-solid cursor-pointer inline-block rounded mr-2 my-1 px-4 py-1 text-white bg-amber-600 hover:bg-amber-700"
        >
          2022
        </div>
        <div
          class="border-2 border-black border-solid cursor-pointer inline-block rounded mr-2 my-1 px-4 py-1 text-white bg-indigo-600 hover:bg-indigo-700"
        >
          CSS
        </div>
        <div
          class="border-2 border-black border-solid cursor-pointer inline-block rounded mr-2 my-1 px-4 py-1 text-white bg-purple-600 hover:bg-purple-700"
        >
          DNS
        </div>
        <div
          class="border-2 border-black border-solid cursor-pointer inline-block rounded mr-2 my-1 px-4 py-1 text-black bg-white hover:bg-gray-300"
        >
          GitHub
        </div>
        <div
          class="border-2 border-black border-solid cursor-pointer inline-block rounded mr-2 my-1 px-4 py-1 text-white bg-green-600 hover:bg-green-700"
        >
          projects.general.tags.live
        </div>
        <div
          class="border-2 border-black border-solid cursor-pointer inline-block rounded mr-2 my-1 px-4 py-1 text-white bg-blue-600 hover:bg-blue-700"
        >
          React
        </div>
        <div
          class="border-2 border-black border-solid cursor-pointer inline-block rounded mr-2 my-1 px-4 py-1 text-white bg-blue-600 hover:bg-blue-700"
        >
          TypeScript
        </div>
        <div
          class="border-2 border-black border-solid cursor-pointer inline-block rounded mr-2 my-1 px-4 py-1 text-white bg-purple-600 hover:bg-purple-700"
        >
          projects.general.tags.website
        </div>
      </div>
    </div>
    <div
      class="flex flex-col bg-white px-4 py-4 border-2 mx-4 lg:w-2/5 w-full my-2 rounded-lg border-solid border-gray-50"
    >
      <h2
        class="font-bold text-xl"
      >
        projects.templateTs.title
      </h2>
      <h3
        class="text-lg"
      >
        projects.templateTs.subtitle
      </h3>
      <div
        class="border-solid border-black border-2 bg-gray-200 p-2 my-2 text-justify"
      >
        <div
          class="mb-2"
        >
          projects.templateTs.desc1
        </div>
        <div
          class="mb-2"
        >
          projects.templateTs.desc2
        </div>
        <div
          class="mb-2"
        >
          projects.templateTs.desc3
        </div>
      </div>
      <div
        class="inline"
      >
        <div
          class="font-bold inline"
        >
          projects.general.code
          projects.general.colon
           
        </div>
        <a
          class="underline inline"
          href="https://github.com/sebranly/template-ts"
          rel="noopener noreferrer"
          target="_blank"
          title="projects.general.altText.github projects.templateTs.title"
        >
          GitHub
        </a>
      </div>
      <div
        class="inline"
      >
        <div
          class="font-bold inline"
        >
          projects.general.website
          projects.general.colon
           
        </div>
        <a
          class="underline inline"
          href="https://sebranly.github.io/template-ts"
          rel="noopener noreferrer"
          target="_blank"
          title="projects.general.altText.website projects.templateTs.title"
        >
          projects.general.link
        </a>
      </div>
      <div
        class="grow h-4"
      />
      <div>
        <div
          class="border-2 border-black border-solid cursor-pointer inline-block rounded mr-2 my-1 px-4 py-1 text-white bg-amber-600 hover:bg-amber-700"
        >
          2022
        </div>
        <div
          class="border-2 border-black border-solid cursor-pointer inline-block rounded mr-2 my-1 px-4 py-1 text-white bg-indigo-600 hover:bg-indigo-700"
        >
          CSS
        </div>
        <div
          class="border-2 border-black border-solid cursor-pointer inline-block rounded mr-2 my-1 px-4 py-1 text-black bg-white hover:bg-gray-300"
        >
          GitHub
        </div>
        <div
          class="border-2 border-black border-solid cursor-pointer inline-block rounded mr-2 my-1 px-4 py-1 text-white bg-green-600 hover:bg-green-700"
        >
          projects.general.tags.live
        </div>
        <div
          class="border-2 border-black border-solid cursor-pointer inline-block rounded mr-2 my-1 px-4 py-1 text-white bg-blue-600 hover:bg-blue-700"
        >
          React
        </div>
        <div
          class="border-2 border-black border-solid cursor-pointer inline-block rounded mr-2 my-1 px-4 py-1 text-white bg-blue-600 hover:bg-blue-700"
        >
          TypeScript
        </div>
        <div
          class="border-2 border-black border-solid cursor-pointer inline-block rounded mr-2 my-1 px-4 py-1 text-white bg-purple-600 hover:bg-purple-700"
        >
          projects.general.tags.website
        </div>
      </div>
    </div>
    <div
      class="flex flex-col bg-white px-4 py-4 border-2 mx-4 lg:w-2/5 w-full my-2 rounded-lg border-solid border-gray-50"
    >
      <h2
        class="font-bold text-xl"
      >
        projects.kaleidoscope.title
      </h2>
      <h3
        class="text-lg"
      >
        projects.kaleidoscope.subtitle
      </h3>
      <div
        class="border-solid border-black border-2 bg-gray-200 p-2 my-2 text-justify"
      >
        <div
          class="mb-2"
        >
          projects.kaleidoscope.desc1
        </div>
        <div
          class="mb-2"
        >
          projects.kaleidoscope.desc2
        </div>
        <div
          class="mb-2"
        >
          projects.kaleidoscope.desc3
        </div>
      </div>
      <div
        class="inline"
      >
        <div
          class="font-bold inline"
        >
          projects.general.contributor.male
          projects.general.colon
           
        </div>
        <div
          class="inline"
        >
          Stéphane (projects.general.roles.Designer)
        </div>
      </div>
      <div
        class="inline"
      >
        <div
          class="font-bold inline"
        >
          projects.general.code
          projects.general.colon
           
        </div>
        <a
          class="underline inline"
          href="https://github.com/sebranly/kaleidoscope"
          rel="noopener noreferrer"
          target="_blank"
          title="projects.general.altText.github projects.kaleidoscope.title"
        >
          GitHub
        </a>
      </div>
      <div
        class="inline"
      >
        <div
          class="font-bold inline"
        >
          projects.general.website
          projects.general.colon
           
        </div>
        <a
          class="underline inline"
          href="https://sebranly.github.io/kaleidoscope"
          rel="noopener noreferrer"
          target="_blank"
          title="projects.general.altText.website projects.kaleidoscope.title"
        >
          projects.general.link
        </a>
      </div>
      <div
        class="grow h-4"
      />
      <div>
        <div
          class="border-2 border-black border-solid cursor-pointer inline-block rounded mr-2 my-1 px-4 py-1 text-white bg-amber-600 hover:bg-amber-700"
        >
          2022
        </div>
        <div
          class="border-2 border-black border-solid cursor-pointer inline-block rounded mr-2 my-1 px-4 py-1 text-white bg-pink-600 hover:bg-pink-700"
        >
          2023
        </div>
        <div
          class="border-2 border-black border-solid cursor-pointer inline-block rounded mr-2 my-1 px-4 py-1 text-white bg-indigo-600 hover:bg-indigo-700"
        >
          CSS
        </div>
        <div
          class="border-2 border-black border-solid cursor-pointer inline-block rounded mr-2 my-1 px-4 py-1 text-black bg-white hover:bg-gray-300"
        >
          GitHub
        </div>
        <div
          class="border-2 border-black border-solid cursor-pointer inline-block rounded mr-2 my-1 px-4 py-1 text-white bg-green-600 hover:bg-green-700"
        >
          projects.general.tags.live
        </div>
        <div
          class="border-2 border-black border-solid cursor-pointer inline-block rounded mr-2 my-1 px-4 py-1 text-white bg-blue-600 hover:bg-blue-700"
        >
          React
        </div>
        <div
          class="border-2 border-black border-solid cursor-pointer inline-block rounded mr-2 my-1 px-4 py-1 text-white bg-blue-600 hover:bg-blue-700"
        >
          TypeScript
        </div>
        <div
          class="border-2 border-black border-solid cursor-pointer inline-block rounded mr-2 my-1 px-4 py-1 text-white bg-purple-600 hover:bg-purple-700"
        >
          projects.general.tags.website
        </div>
      </div>
    </div>
    <div
      class="flex flex-col bg-white px-4 py-4 border-2 mx-4 lg:w-2/5 w-full my-2 rounded-lg border-solid border-gray-50"
    >
      <h2
        class="font-bold text-xl"
      >
        projects.dmz.title
      </h2>
      <h3
        class="text-lg"
      >
        projects.dmz.subtitle
      </h3>
      <div
        class="border-solid border-black border-2 bg-gray-200 p-2 my-2 text-justify"
      >
        <div
          class="mb-2"
        >
          projects.dmz.desc1
        </div>
        <div
          class="mb-2"
        >
          projects.dmz.desc2
        </div>
        <div
          class="mb-2"
        >
          projects.dmz.desc3
        </div>
      </div>
      <div
        class="inline"
      >
        <div
          class="font-bold inline"
        >
          projects.general.code
          projects.general.colon
           
        </div>
        <a
          class="underline inline"
          href="https://github.com/sebranly/dmz"
          rel="noopener noreferrer"
          target="_blank"
          title="projects.general.altText.github projects.dmz.title"
        >
          GitHub
        </a>
      </div>
      <div
        class="inline"
      >
        <div
          class="font-bold inline"
        >
          projects.general.website
          projects.general.colon
           
        </div>
        <a
          class="underline inline"
          href="https://sebranly.github.io/dmz"
          rel="noopener noreferrer"
          target="_blank"
          title="projects.general.altText.website projects.dmz.title"
        >
          projects.general.link
        </a>
      </div>
      <div
        class="grow h-4"
      />
      <div>
        <div
          class="border-2 border-black border-solid cursor-pointer inline-block rounded mr-2 my-1 px-4 py-1 text-white bg-pink-600 hover:bg-pink-700"
        >
          2023
        </div>
        <div
          class="border-2 border-black border-solid cursor-pointer inline-block rounded mr-2 my-1 px-4 py-1 text-white bg-indigo-600 hover:bg-indigo-700"
        >
          CSS
        </div>
        <div
          class="border-2 border-black border-solid cursor-pointer inline-block rounded mr-2 my-1 px-4 py-1 text-black bg-white hover:bg-gray-300"
        >
          GitHub
        </div>
        <div
          class="border-2 border-black border-solid cursor-pointer inline-block rounded mr-2 my-1 px-4 py-1 text-white bg-green-600 hover:bg-green-700"
        >
          projects.general.tags.live
        </div>
        <div
          class="border-2 border-black border-solid cursor-pointer inline-block rounded mr-2 my-1 px-4 py-1 text-white bg-blue-600 hover:bg-blue-700"
        >
          React
        </div>
        <div
          class="border-2 border-black border-solid cursor-pointer inline-block rounded mr-2 my-1 px-4 py-1 text-white bg-blue-600 hover:bg-blue-700"
        >
          TypeScript
        </div>
        <div
          class="border-2 border-black border-solid cursor-pointer inline-block rounded mr-2 my-1 px-4 py-1 text-white bg-purple-600 hover:bg-purple-700"
        >
          projects.general.tags.website
        </div>
      </div>
    </div>
    <div
      class="flex flex-col bg-white px-4 py-4 border-2 mx-4 lg:w-2/5 w-full my-2 rounded-lg border-solid border-gray-50"
    >
      <h2
        class="font-bold text-xl"
      >
        projects.portfolio.title
      </h2>
      <h3
        class="text-lg"
      >
        projects.portfolio.subtitle
      </h3>
      <div
        class="border-solid border-black border-2 bg-gray-200 p-2 my-2 text-justify"
      >
        <div
          class="mb-2"
        >
          projects.portfolio.desc1
        </div>
        <div
          class="mb-2"
        >
          projects.portfolio.desc2
        </div>
        <div
          class="mb-2"
        >
          projects.portfolio.desc3
        </div>
      </div>
      <div
        class="inline"
      >
        <div
          class="font-bold inline"
        >
          projects.general.code
          projects.general.colon
           
        </div>
        <a
          class="underline inline"
          href="https://github.com/sebranly/portfolio"
          rel="noopener noreferrer"
          target="_blank"
          title="projects.general.altText.github projects.portfolio.title"
        >
          GitHub
        </a>
      </div>
      <div
        class="inline"
      >
        <div
          class="font-bold inline"
        >
          projects.general.website
          projects.general.colon
           
        </div>
        <a
          class="underline inline"
          href="https://sebranly.github.io/portfolio"
          rel="noopener noreferrer"
          target="_blank"
          title="projects.general.altText.website projects.portfolio.title"
        >
          projects.general.link
        </a>
      </div>
      <div
        class="grow h-4"
      />
      <div>
        <div
          class="border-2 border-black border-solid cursor-pointer inline-block rounded mr-2 my-1 px-4 py-1 text-white bg-pink-600 hover:bg-pink-700"
        >
          2023
        </div>
        <div
          class="border-2 border-black border-solid cursor-pointer inline-block rounded mr-2 my-1 px-4 py-1 text-black bg-white hover:bg-gray-300"
        >
          GitHub
        </div>
        <div
          class="border-2 border-black border-solid cursor-pointer inline-block rounded mr-2 my-1 px-4 py-1 text-white bg-orange-600 hover:bg-orange-700"
        >
          i18n
        </div>
        <div
          class="border-2 border-black border-solid cursor-pointer inline-block rounded mr-2 my-1 px-4 py-1 text-white bg-green-600 hover:bg-green-700"
        >
          projects.general.tags.live
        </div>
        <div
          class="border-2 border-black border-solid cursor-pointer inline-block rounded mr-2 my-1 px-4 py-1 text-white bg-blue-600 hover:bg-blue-700"
        >
          React
        </div>
        <div
          class="border-2 border-black border-solid cursor-pointer inline-block rounded mr-2 my-1 px-4 py-1 text-white bg-blue-600 hover:bg-blue-700"
        >
          TailwindCSS
        </div>
        <div
          class="border-2 border-black border-solid cursor-pointer inline-block rounded mr-2 my-1 px-4 py-1 text-white bg-blue-600 hover:bg-blue-700"
        >
          TypeScript
        </div>
        <div
          class="border-2 border-black border-solid cursor-pointer inline-block rounded mr-2 my-1 px-4 py-1 text-white bg-purple-600 hover:bg-purple-700"
        >
          projects.general.tags.website
        </div>
      </div>
    </div>
  </div>,
  <div
    class="my-4 text-lg text-center"
  >
    <div>
      footer.author.prefix
      <a
        class="underline"
        href="https://github.com/sebranly/portfolio"
        rel="noopener noreferrer"
        target="_blank"
        title="GitHub page for repository"
      >
        sebranly
      </a>
      footer.author.suffix
    </div>
    <div>
      footer.website
      <a
        class="underline"
        href="https://github.com/sebranly/portfolio/releases"
        rel="noopener noreferrer"
        target="_blank"
        title="Website changelog"
      >
        0.0.1
      </a>
    </div>
  </div>,
]
`;
